
[2026-02-19 20:27:51 UTC] Start hourly ingest pipeline
Project: /Users/myungeunlee/Desktop/mylee/world-press-monitor
Command: bun run ingest:once
$ bun scripts/ingest-worker.ts --once
[ingest-worker] outlets=417/417 endpoints=411 ok=411 failed=0 backoff=4 unique=345 persisted=345 external=345 elapsedMs=19320

[2026-02-19 22:44:17 UTC] Start hourly ingest pipeline
Project: /Users/myungeunlee/Desktop/mylee/world-press-monitor
Command: bun run ingest:once
$ bun scripts/ingest-worker.ts --once
40 |     res = resolve
41 |     rej = reject
42 |   }).catch((err) => {
43 |     // replace the stack trace that leads to `TCP.onStreamRead` with one that leads back to the
44 |     // application that created the query
45 |     Error.captureStackTrace(err)
               ^
error: connect ECONNREFUSED 127.0.0.1:1304
   errno: -61,
 syscall: "connect",
    port: 1304,
 address: "127.0.0.1",
    code: "ECONNREFUSED"

      at <anonymous> (/Users/myungeunlee/Desktop/mylee/world-press-monitor/node_modules/pg-pool/index.js:45:11)

Bun v1.3.6 (macOS arm64)
error: script "ingest:once" exited with code 1
