/bin/sh: /Users/myungeunlee/Desktop/mylee/world-press-monitor/scripts/run-ingest-ops-hourly.sh: Permission denied
/bin/sh: /Users/myungeunlee/Desktop/mylee/world-press-monitor/scripts/run-ingest-ops-hourly.sh: Permission denied

[2026-02-19 22:44:06 UTC] Start ingest ops hourly report
Project: /Users/myungeunlee/Desktop/mylee/world-press-monitor
Command: bun run ingest:ops:hourly
$ bun scripts/ingest-ops-report.ts --hours=1 --write-json
40 |     res = resolve
41 |     rej = reject
42 |   }).catch((err) => {
43 |     // replace the stack trace that leads to `TCP.onStreamRead` with one that leads back to the
44 |     // application that created the query
45 |     Error.captureStackTrace(err)
               ^
error: connect ECONNREFUSED 127.0.0.1:1304
   errno: -61,
 syscall: "connect",
    port: 1304,
 address: "127.0.0.1",
    code: "ECONNREFUSED"

      at <anonymous> (/Users/myungeunlee/Desktop/mylee/world-press-monitor/node_modules/pg-pool/index.js:45:11)

Bun v1.3.6 (macOS arm64)
error: script "ingest:ops:hourly" exited with code 1

[2026-02-19 22:44:21 UTC] Start ingest ops hourly report
Project: /Users/myungeunlee/Desktop/mylee/world-press-monitor
Command: bun run ingest:ops:hourly
$ bun scripts/ingest-ops-report.ts --hours=1 --write-json
40 |     res = resolve
41 |     rej = reject
42 |   }).catch((err) => {
43 |     // replace the stack trace that leads to `TCP.onStreamRead` with one that leads back to the
44 |     // application that created the query
45 |     Error.captureStackTrace(err)
               ^
error: connect ECONNREFUSED 127.0.0.1:1304
   errno: -61,
 syscall: "connect",
    port: 1304,
 address: "127.0.0.1",
    code: "ECONNREFUSED"

      at <anonymous> (/Users/myungeunlee/Desktop/mylee/world-press-monitor/node_modules/pg-pool/index.js:45:11)

Bun v1.3.6 (macOS arm64)
error: script "ingest:ops:hourly" exited with code 1
/bin/sh: /Users/myungeunlee/Desktop/mylee/world-press-monitor/scripts/run-ingest-ops-hourly.sh: Permission denied
/bin/sh: /Users/myungeunlee/Desktop/mylee/world-press-monitor/scripts/run-ingest-ops-hourly.sh: Permission denied
/bin/sh: /Users/myungeunlee/Desktop/mylee/world-press-monitor/scripts/run-ingest-ops-hourly.sh: Permission denied
/bin/sh: /Users/myungeunlee/Desktop/mylee/world-press-monitor/scripts/run-ingest-ops-hourly.sh: Permission denied
